// Jest Snapshot v1, https://goo.gl/fbAQLP

exports[`LoaderComponent should render without error 1`] = `
<div
  class="css-pmoqd7-loader"
  data-test="loader"
>
  <div
    class="ui large active centered inline loader"
  />
</div>
`;
